%!Adobe-FontList 1.20
%Locale:0x409

%BeginFont
Handler:DirectoryHandler
FontType:Suitcase
FontName:FuturaBT-Medium
OutlineFileName:/Volumes/common/CREATION/CLIENTS/MAILSHOP/SITE INTERNET/Site_www_mailshop /Document fonts/ Futura 2
ResourceID:15981
MacStyle:0
FileLength:141310
FileModTime:85555848
%EndFont

%BeginFont
Handler:DirectoryHandler
FontType:Suitcase
FontName:FuturaBT-Bold
OutlineFileName:/Volumes/common/CREATION/CLIENTS/MAILSHOP/SITE INTERNET/Site_www_mailshop /Document fonts/ Futura 2
ResourceID:15981
MacStyle:1
FileLength:141310
FileModTime:85555848
%EndFont

%BeginFont
Handler:DirectoryHandler
FontType:Suitcase
FontName:FuturaBT-MediumItalic
OutlineFileName:/Volumes/common/CREATION/CLIENTS/MAILSHOP/SITE INTERNET/Site_www_mailshop /Document fonts/ Futura 2
ResourceID:15981
MacStyle:2
FileLength:141310
FileModTime:85555848
%EndFont

%BeginFont
Handler:DirectoryHandler
FontType:Suitcase
FontName:FuturaBT-BoldItalic
OutlineFileName:/Volumes/common/CREATION/CLIENTS/MAILSHOP/SITE INTERNET/Site_www_mailshop /Document fonts/ Futura 2
ResourceID:15981
MacStyle:3
FileLength:141310
FileModTime:85555848
%EndFont

%BeginFont
Handler:DirectoryHandler
FontType:Suitcase
FontName:FuturaBT-Bold
OutlineFileName:/Volumes/common/CREATION/CLIENTS/MAILSHOP/SITE INTERNET/Site_www_mailshop /Document fonts/ Futura 2
ResourceID:3463
MacStyle:0
FileLength:141310
FileModTime:85555848
%EndFont

%BeginFont
Handler:DirectoryHandler
FontType:Suitcase
FontName:FuturaBT-BoldItalic
OutlineFileName:/Volumes/common/CREATION/CLIENTS/MAILSHOP/SITE INTERNET/Site_www_mailshop /Document fonts/ Futura 2
ResourceID:3463
MacStyle:2
FileLength:141310
FileModTime:85555848
%EndFont

%BeginFont
Handler:DirectoryHandler
FontType:Suitcase
FontName:FuturaBT-BoldCondensed
OutlineFileName:/Volumes/common/CREATION/CLIENTS/MAILSHOP/SITE INTERNET/Site_www_mailshop /Document fonts/ Futura 2
ResourceID:15387
MacStyle:0
FileLength:141310
FileModTime:85555848
%EndFont

%BeginFont
Handler:DirectoryHandler
FontType:Suitcase
FontName:FuturaBT-BoldCondensedItalic
OutlineFileName:/Volumes/common/CREATION/CLIENTS/MAILSHOP/SITE INTERNET/Site_www_mailshop /Document fonts/ Futura 2
ResourceID:15387
MacStyle:2
FileLength:141310
FileModTime:85555848
%EndFont

%BeginFont
Handler:DirectoryHandler
FontType:Suitcase
FontName:FuturaBT-BoldCondensedItalic
OutlineFileName:/Volumes/common/CREATION/CLIENTS/MAILSHOP/SITE INTERNET/Site_www_mailshop /Document fonts/ Futura 2
ResourceID:3468
MacStyle:0
FileLength:141310
FileModTime:85555848
%EndFont

%BeginFont
Handler:DirectoryHandler
FontType:Suitcase
FontName:FuturaBT-MediumItalic
OutlineFileName:/Volumes/common/CREATION/CLIENTS/MAILSHOP/SITE INTERNET/Site_www_mailshop /Document fonts/ Futura 2
ResourceID:3462
MacStyle:0
FileLength:141310
FileModTime:85555848
%EndFont

%BeginFont
Handler:DirectoryHandler
FontType:Suitcase
FontName:FuturaBT-BoldItalic
OutlineFileName:/Volumes/common/CREATION/CLIENTS/MAILSHOP/SITE INTERNET/Site_www_mailshop /Document fonts/ Futura 2
ResourceID:3462
MacStyle:1
FileLength:141310
FileModTime:85555848
%EndFont

%BeginFont
Handler:DirectoryHandler
FontType:Suitcase
FontName:FuturaBT-BoldItalic
OutlineFileName:/Volumes/common/CREATION/CLIENTS/MAILSHOP/SITE INTERNET/Site_www_mailshop /Document fonts/ Futura 2
ResourceID:3464
MacStyle:0
FileLength:141310
FileModTime:85555848
%EndFont

%BeginFont
Handler:DirectoryHandler
FontType:Suitcase
FontName:FuturaBT-Book
OutlineFileName:/Volumes/common/CREATION/CLIENTS/MAILSHOP/SITE INTERNET/Site_www_mailshop /Document fonts/ Futura 2
ResourceID:12813
MacStyle:0
FileLength:141310
FileModTime:85555848
%EndFont

%BeginFont
Handler:DirectoryHandler
FontType:Suitcase
FontName:FuturaBT-BookItalic
OutlineFileName:/Volumes/common/CREATION/CLIENTS/MAILSHOP/SITE INTERNET/Site_www_mailshop /Document fonts/ Futura 2
ResourceID:12813
MacStyle:2
FileLength:141310
FileModTime:85555848
%EndFont

%BeginFont
Handler:DirectoryHandler
FontType:Suitcase
FontName:FuturaBT-BookItalic
OutlineFileName:/Volumes/common/CREATION/CLIENTS/MAILSHOP/SITE INTERNET/Site_www_mailshop /Document fonts/ Futura 2
ResourceID:3466
MacStyle:0
FileLength:141310
FileModTime:85555848
%EndFont

%BeginFont
Handler:DirectoryHandler
FontType:Suitcase
FontName:FuturaBT-Heavy
OutlineFileName:/Volumes/common/CREATION/CLIENTS/MAILSHOP/SITE INTERNET/Site_www_mailshop /Document fonts/ Futura 2
ResourceID:15385
MacStyle:0
FileLength:141310
FileModTime:85555848
%EndFont

%BeginFont
Handler:DirectoryHandler
FontType:Suitcase
FontName:FuturaBT-HeavyItalic
OutlineFileName:/Volumes/common/CREATION/CLIENTS/MAILSHOP/SITE INTERNET/Site_www_mailshop /Document fonts/ Futura 2
ResourceID:15385
MacStyle:2
FileLength:141310
FileModTime:85555848
%EndFont

%BeginFont
Handler:DirectoryHandler
FontType:Suitcase
FontName:FuturaBT-HeavyItalic
OutlineFileName:/Volumes/common/CREATION/CLIENTS/MAILSHOP/SITE INTERNET/Site_www_mailshop /Document fonts/ Futura 2
ResourceID:3467
MacStyle:0
FileLength:141310
FileModTime:85555848
%EndFont

%BeginFont
Handler:DirectoryHandler
FontType:Suitcase
FontName:FuturaBT-Light
OutlineFileName:/Volumes/common/CREATION/CLIENTS/MAILSHOP/SITE INTERNET/Site_www_mailshop /Document fonts/ Futura 2
ResourceID:15384
MacStyle:0
FileLength:141310
FileModTime:85555848
%EndFont

%BeginFont
Handler:DirectoryHandler
FontType:Suitcase
FontName:FuturaBT-LightItalic
OutlineFileName:/Volumes/common/CREATION/CLIENTS/MAILSHOP/SITE INTERNET/Site_www_mailshop /Document fonts/ Futura 2
ResourceID:15384
MacStyle:2
FileLength:141310
FileModTime:85555848
%EndFont

%BeginFont
Handler:DirectoryHandler
FontType:Suitcase
FontName:FuturaBT-LightCondensed
OutlineFileName:/Volumes/common/CREATION/CLIENTS/MAILSHOP/SITE INTERNET/Site_www_mailshop /Document fonts/ Futura 2
ResourceID:15386
MacStyle:0
FileLength:141310
FileModTime:85555848
%EndFont

%BeginFont
Handler:DirectoryHandler
FontType:Suitcase
FontName:FuturaBT-LightItalic
OutlineFileName:/Volumes/common/CREATION/CLIENTS/MAILSHOP/SITE INTERNET/Site_www_mailshop /Document fonts/ Futura 2
ResourceID:3465
MacStyle:0
FileLength:141310
FileModTime:85555848
%EndFont

%BeginFont
Handler:DirectoryHandler
FontType:Suitcase
FontName:FuturaBT-MediumCondensed
OutlineFileName:/Volumes/common/CREATION/CLIENTS/MAILSHOP/SITE INTERNET/Site_www_mailshop /Document fonts/ Futura 2
ResourceID:12815
MacStyle:0
FileLength:141310
FileModTime:85555848
%EndFont

%BeginFont
Handler:DirectoryHandler
FontType:Suitcase
FontName:FuturaBT-ExtraBlack
OutlineFileName:/Volumes/common/CREATION/CLIENTS/MAILSHOP/SITE INTERNET/Site_www_mailshop /Document fonts/ Futura 2
ResourceID:12814
MacStyle:0
FileLength:141310
FileModTime:85555848
%EndFont

%BeginFont
Handler:DirectoryHandler
FontType:Suitcase
FontName:FuturaBT-ExtraBlackCondensed
OutlineFileName:/Volumes/common/CREATION/CLIENTS/MAILSHOP/SITE INTERNET/Site_www_mailshop /Document fonts/ Futura 2
ResourceID:12816
MacStyle:0
FileLength:141310
FileModTime:85555848
%EndFont

%BeginFont
Handler:DirectoryHandler
FontType:Suitcase
FontName:FuturaBT-ExtraBlackCondItalic
OutlineFileName:/Volumes/common/CREATION/CLIENTS/MAILSHOP/SITE INTERNET/Site_www_mailshop /Document fonts/ Futura 2
ResourceID:12817
MacStyle:0
FileLength:141310
FileModTime:85555848
%EndFont

%BeginFont
Handler:DirectoryHandler
FontType:Suitcase
FontName:FuturaBT-ExtraBlackItalic
OutlineFileName:/Volumes/common/CREATION/CLIENTS/MAILSHOP/SITE INTERNET/Site_www_mailshop /Document fonts/ Futura 2
ResourceID:12818
MacStyle:0
FileLength:141310
FileModTime:85555848
%EndFont

%BeginFont
Handler:DirectoryHandler
FontType:Invalid
OutlineFileName:/Volumes/common/CREATION/CLIENTS/MAILSHOP/SITE INTERNET/Site_www_mailshop /Document fonts/AdobeFnt21.lst
FileLength:11901
FileModTime:595936625
%EndFont

%BeginFont
Handler:DirectoryHandler
FontType:TrueType
FontName:Arial-BoldMT
FamilyName:Arial
StyleName:Bold
MenuName:Arial
StyleBits:2
WeightClass:700
WidthClass:5
AngleClass:0
FullName:Arial Bold
WritingScript:Roman
OutlineFileName:/Volumes/common/CREATION/CLIENTS/MAILSHOP/SITE INTERNET/Site_www_mailshop /Document fonts/Arial Bold.ttf
DataFormat:sfntData
hasSVG:no
VariableFontType:NonVariableFont
FileLength:750984
FileModTime:531801169
NameArray:0,Mac,4,Arial Bold
NameArray:0,Win,1,Arial
%EndFont

%BeginFont
Handler:DirectoryHandler
FontType:TrueType
FontName:ArialMT
FamilyName:Arial
StyleName:Regular
MenuName:Arial
StyleBits:0
WeightClass:400
WidthClass:5
AngleClass:0
FullName:Arial
WritingScript:Roman
OutlineFileName:/Volumes/common/CREATION/CLIENTS/MAILSHOP/SITE INTERNET/Site_www_mailshop /Document fonts/Arial.ttf
DataFormat:sfntData
hasSVG:no
VariableFontType:NonVariableFont
FileLength:773236
FileModTime:531801169
NameArray:0,Mac,4,Arial
NameArray:0,Win,1,Arial
%EndFont

%BeginFont
Handler:DirectoryHandler
FontType:Type1
FontName:FuturaBT-BoldCondensed
FamilyName:Futura BT
StyleName:Bold Condensed
MenuName:Futura BT Bold Condensed
StyleBits:2
WeightClass:700
WidthClass:3
AngleClass:0
FullName:Futura BT Bold Condensed
WritingScript:Roman
OutlineFileName:/Volumes/common/CREATION/CLIENTS/MAILSHOP/SITE INTERNET/Site_www_mailshop /Document fonts/FuturBTBolCon
DataFormat:POSTResource
UsesStandardEncoding:yes
isCFF:no
hasSVG:no
VariableFontType:NonVariableFont
FileLength:33141
FileModTime:15409490
DesignSize:-1
%EndFont

%BeginFont
Handler:DirectoryHandler
FontType:Type1
FontName:FuturaBT-Book
FamilyName:Futura BT
StyleName:Book
MenuName:Futura BT Book
StyleBits:0
WeightClass:400
WidthClass:5
AngleClass:0
FullName:Futura BT Book
WritingScript:Roman
OutlineFileName:/Volumes/common/CREATION/CLIENTS/MAILSHOP/SITE INTERNET/Site_www_mailshop /Document fonts/FuturBTBoo
DataFormat:POSTResource
UsesStandardEncoding:yes
isCFF:no
hasSVG:no
VariableFontType:NonVariableFont
FileLength:32625
FileModTime:15409490
DesignSize:-1
%EndFont

%BeginFont
Handler:DirectoryHandler
FontType:Type1
FontName:FuturaBT-Heavy
FamilyName:Futura BT
StyleName:Heavy
MenuName:Futura BT Heavy
StyleBits:2
WeightClass:850
WidthClass:5
AngleClass:0
FullName:Futura BT Heavy
WritingScript:Roman
OutlineFileName:/Volumes/common/CREATION/CLIENTS/MAILSHOP/SITE INTERNET/Site_www_mailshop /Document fonts/FuturBTHea
DataFormat:POSTResource
UsesStandardEncoding:yes
isCFF:no
hasSVG:no
VariableFontType:NonVariableFont
FileLength:34115
FileModTime:15409490
DesignSize:-1
%EndFont

%BeginFont
Handler:DirectoryHandler
FontType:Type1
FontName:FuturaBT-Light
FamilyName:Futura BT
StyleName:Light
MenuName:Futura BT Light
StyleBits:0
WeightClass:300
WidthClass:5
AngleClass:0
FullName:Futura BT Light
WritingScript:Roman
OutlineFileName:/Volumes/common/CREATION/CLIENTS/MAILSHOP/SITE INTERNET/Site_www_mailshop /Document fonts/FuturBTLig
DataFormat:POSTResource
UsesStandardEncoding:yes
isCFF:no
hasSVG:no
VariableFontType:NonVariableFont
FileLength:32702
FileModTime:15409490
DesignSize:-1
%EndFont

%BeginFont
Handler:DirectoryHandler
FontType:Type1
FontName:FuturaBT-LightCondensed
FamilyName:Futura BT
StyleName:Light Condensed
MenuName:Futura BT Light Condensed
StyleBits:0
WeightClass:300
WidthClass:3
AngleClass:0
FullName:Futura BT Light Condensed
WritingScript:Roman
OutlineFileName:/Volumes/common/CREATION/CLIENTS/MAILSHOP/SITE INTERNET/Site_www_mailshop /Document fonts/FuturBTLigCon
DataFormat:POSTResource
UsesStandardEncoding:yes
isCFF:no
hasSVG:no
VariableFontType:NonVariableFont
FileLength:32114
FileModTime:15409490
DesignSize:-1
%EndFont

%BeginFont
Handler:DirectoryHandler
FontType:Type1
FontName:FuturaBT-Medium
FamilyName:Futura BT
StyleName:Medium
MenuName:Futura BT Medium
StyleBits:0
WeightClass:500
WidthClass:5
AngleClass:0
FullName:Futura BT Medium
WritingScript:Roman
OutlineFileName:/Volumes/common/CREATION/CLIENTS/MAILSHOP/SITE INTERNET/Site_www_mailshop /Document fonts/FuturBTMed
DataFormat:POSTResource
UsesStandardEncoding:yes
isCFF:no
hasSVG:no
VariableFontType:NonVariableFont
FileLength:33146
FileModTime:15409490
DesignSize:-1
%EndFont

